// Jest Snapshot v1, https://goo.gl/fbAQLP

exports[`Given An Animal service Cuando se pide la creaci√≥n de un animal It should then return the data of the animal created correctly 1`] = `
Object {
  "breed": "Catico",
  "gender": "Male",
  "isVaccinated": true,
  "name": "Lucas",
  "vaccines": Array [],
}
`;
